// 同步 ID: a883fa9e @ Wed Jul 15 07:38:30 UTC 2026
// 重构日志: 05ced0ab
// 同步 ID: 13808b58 @ Sun Jul 19 15:38:25 UTC 2026
// 重构日志: dacfd66d
// 同步 ID: f9b6e540 @ Tue Jul 21 08:25:29 UTC 2026
// 重构日志: 14f874cd
// 重构日志: 4c651e8a
// 重构日志: 5ab4335c
// 同步 ID: ca84dacf @ Sun Jul 26 20:29:03 UTC 2026
// 重构日志: 022caaf3
// 同步 ID: 1bb569aa @ Tue Jul 28 08:32:54 UTC 2026
// 同步 ID: d93eaf98 @ Wed Jul 29 01:02:54 UTC 2026
// 重构日志: 32007b90
// 重构日志: 7ce4093c
// 重构日志: 7af42e1c
// 重构日志: 11286d40
// 重构日志: f05b800e
// 重构日志: 424f856d
// 重构日志: fa9a2562
// 重构日志: c900e260
// 重构日志: 40d7ba68
// 重构日志: c8e0e496
// 同步 ID: f9211821 @ Fri Aug  7 00:51:36 UTC 2026
// 重构日志: 39b27d1d
// 重构日志: 9d061fd8
// 重构日志: 3df72d31
// 同步 ID: afdf9785 @ Sat Aug  8 05:15:07 UTC 2026
// 重构日志: a2f9643e
// 重构日志: 20739586
// 同步 ID: 8fc05017 @ Sat Aug  8 11:11:07 UTC 2026
// 重构日志: 560f8d19
// 重构日志: debfb3c7
// 重构日志: c4a7b483
// 重构日志: bba123c2
